Archive member included to satisfy reference by file (symbol)

/media/windows_richardparratt/dev/thirdparty/compiler-builtins/target/arm-eabi-gcc-custom/debug/deps/libcompiler_builtins-41d347b55fffa27d.rlib(compiler_builtins-41d347b55fffa27d.0.o)
                              /media/windows_richardparratt/dev/thirdparty/compiler-builtins/target/arm-eabi-gcc-custom/debug/examples/test_ex-c695736ac3060235.0.o (__aeabi_memcpy)
/media/windows_richardparratt/dev/thirdparty/compiler-builtins/target/arm-eabi-gcc-custom/debug/deps/libcompiler_builtins-41d347b55fffa27d.rlib(divdf3.o)
                              /media/windows_richardparratt/dev/thirdparty/compiler-builtins/target/arm-eabi-gcc-custom/debug/deps/libcompiler_builtins-41d347b55fffa27d.rlib(compiler_builtins-41d347b55fffa27d.0.o) (__aeabi_ddiv)
/media/windows_richardparratt/dev/thirdparty/compiler-builtins/target/arm-eabi-gcc-custom/debug/deps/libcompiler_builtins-41d347b55fffa27d.rlib(divmodsi4.o)
                              /media/windows_richardparratt/dev/thirdparty/compiler-builtins/target/arm-eabi-gcc-custom/debug/deps/libcompiler_builtins-41d347b55fffa27d.rlib(compiler_builtins-41d347b55fffa27d.0.o) (__divmodsi4)
/media/windows_richardparratt/dev/thirdparty/compiler-builtins/target/arm-eabi-gcc-custom/debug/deps/libcompiler_builtins-41d347b55fffa27d.rlib(divsf3.o)
                              /media/windows_richardparratt/dev/thirdparty/compiler-builtins/target/arm-eabi-gcc-custom/debug/deps/libcompiler_builtins-41d347b55fffa27d.rlib(compiler_builtins-41d347b55fffa27d.0.o) (__aeabi_fdiv)
/media/windows_richardparratt/dev/thirdparty/compiler-builtins/target/arm-eabi-gcc-custom/debug/deps/libcompiler_builtins-41d347b55fffa27d.rlib(modsi3.o)
                              /media/windows_richardparratt/dev/thirdparty/compiler-builtins/target/arm-eabi-gcc-custom/debug/deps/libcompiler_builtins-41d347b55fffa27d.rlib(compiler_builtins-41d347b55fffa27d.0.o) (__modsi3)
/media/windows_richardparratt/dev/thirdparty/compiler-builtins/target/arm-eabi-gcc-custom/debug/deps/libcompiler_builtins-41d347b55fffa27d.rlib(muldf3.o)
                              /media/windows_richardparratt/dev/thirdparty/compiler-builtins/target/arm-eabi-gcc-custom/debug/deps/libcompiler_builtins-41d347b55fffa27d.rlib(compiler_builtins-41d347b55fffa27d.0.o) (__aeabi_dmul)
/media/windows_richardparratt/dev/thirdparty/compiler-builtins/target/arm-eabi-gcc-custom/debug/deps/libcompiler_builtins-41d347b55fffa27d.rlib(mulsf3.o)
                              /media/windows_richardparratt/dev/thirdparty/compiler-builtins/target/arm-eabi-gcc-custom/debug/deps/libcompiler_builtins-41d347b55fffa27d.rlib(compiler_builtins-41d347b55fffa27d.0.o) (__aeabi_fmul)
/media/windows_richardparratt/dev/thirdparty/compiler-builtins/target/arm-eabi-gcc-custom/debug/deps/libcompiler_builtins-41d347b55fffa27d.rlib(udivmodsi4.o)
                              /media/windows_richardparratt/dev/thirdparty/compiler-builtins/target/arm-eabi-gcc-custom/debug/deps/libcompiler_builtins-41d347b55fffa27d.rlib(compiler_builtins-41d347b55fffa27d.0.o) (__udivmodsi4)
/media/windows_richardparratt/dev/thirdparty/compiler-builtins/target/arm-eabi-gcc-custom/debug/deps/libcompiler_builtins-41d347b55fffa27d.rlib(umodsi3.o)
                              /media/windows_richardparratt/dev/thirdparty/compiler-builtins/target/arm-eabi-gcc-custom/debug/deps/libcompiler_builtins-41d347b55fffa27d.rlib(compiler_builtins-41d347b55fffa27d.0.o) (__umodsi3)
/media/windows_richardparratt/dev/thirdparty/compiler-builtins/target/arm-eabi-gcc-custom/debug/deps/libcompiler_builtins-41d347b55fffa27d.rlib(aeabi_div0.o)
                              /media/windows_richardparratt/dev/thirdparty/compiler-builtins/target/arm-eabi-gcc-custom/debug/deps/libcompiler_builtins-41d347b55fffa27d.rlib(udivmodsi4.o) (__aeabi_idiv0)

Discarded input sections

 .text          0x0000000000000000        0x0 /media/windows_richardparratt/dev/thirdparty/compiler-builtins/target/arm-eabi-gcc-custom/debug/examples/test_ex-c695736ac3060235.0.o
 .text.rust_begin_unwind
                0x0000000000000000       0x4e /media/windows_richardparratt/dev/thirdparty/compiler-builtins/target/arm-eabi-gcc-custom/debug/examples/test_ex-c695736ac3060235.0.o
 .ARM.exidx.text.rust_begin_unwind
                0x0000000000000000        0x8 /media/windows_richardparratt/dev/thirdparty/compiler-builtins/target/arm-eabi-gcc-custom/debug/examples/test_ex-c695736ac3060235.0.o
 .text.rust_eh_personality
                0x0000000000000000        0x4 /media/windows_richardparratt/dev/thirdparty/compiler-builtins/target/arm-eabi-gcc-custom/debug/examples/test_ex-c695736ac3060235.0.o
 .ARM.exidx.text.rust_eh_personality
                0x0000000000000000        0x8 /media/windows_richardparratt/dev/thirdparty/compiler-builtins/target/arm-eabi-gcc-custom/debug/examples/test_ex-c695736ac3060235.0.o
 .debug_gdb_scripts
[...]
Memory Configuration

Name             Origin             Length             Attributes
rom              0x0000000000000000 0x0000000000040000 xr
ram              0x0000000020000000 0x0000000000008000 xrw
*default*        0x0000000000000000 0xffffffffffffffff

Linker script and memory map

LOAD /media/windows_richardparratt/dev/thirdparty/compiler-builtins/target/arm-eabi-gcc-custom/debug/examples/test_ex-c695736ac3060235.0.o
LOAD /home/richard/.xargo/lib/rustlib/arm-eabi-gcc-custom/lib/libcore-42a9278c4fb3c5ff.rlib
LOAD /media/windows_richardparratt/dev/thirdparty/compiler-builtins/target/arm-eabi-gcc-custom/debug/deps/libcompiler_builtins-41d347b55fffa27d.rlib
                0x0000000000002000                STACK_SIZE = DEFINED (STACK_SIZE)?STACK_SIZE:DEFINED (__stack_size__)?__stack_size__:0x2000

.text           0x0000000000000000      0x6cc
                0x0000000000000000                . = ALIGN (0x4)
                0x0000000000000000                _sfixed = .
 *(.vectors .vectors.*)
 .vectors       0x0000000000000000       0xb8 /media/windows_richardparratt/dev/thirdparty/compiler-builtins/target/arm-eabi-gcc-custom/debug/examples/test_ex-c695736ac3060235.0.o
 *(.text .text.* .gnu.linkonce.t.*)
 .text._ZN47_$LT$i32$u20$as$u20$core..iter..range..Step$GT$9add_usize17h64e569b6ba274974E
                0x00000000000000b8       0x74 /media/windows_richardparratt/dev/thirdparty/compiler-builtins/target/arm-eabi-gcc-custom/debug/examples/test_ex-c695736ac3060235.0.o
 .text._ZN4core3cmp5impls55_$LT$impl$u20$core..cmp..PartialOrd$u20$for$u20$i32$GT$2lt17h11a580b0e0618989E
                0x000000000000012c       0x38 /media/windows_richardparratt/dev/thirdparty/compiler-builtins/target/arm-eabi-gcc-custom/debug/examples/test_ex-c695736ac3060235.0.o
 .text._ZN4core3mem13uninitialized17h140b8aa110263583E
                0x0000000000000164       0x50 /media/windows_richardparratt/dev/thirdparty/compiler-builtins/target/arm-eabi-gcc-custom/debug/examples/test_ex-c695736ac3060235.0.o
 .text._ZN4core3mem13uninitialized17h8dc1a8e6173ab8a7E
                0x00000000000001b4        0x4 /media/windows_richardparratt/dev/thirdparty/compiler-builtins/target/arm-eabi-gcc-custom/debug/examples/test_ex-c695736ac3060235.0.o
 .text._ZN4core3mem4swap17h4241cebebca2b1a7E
                0x00000000000001b8       0x2c /media/windows_richardparratt/dev/thirdparty/compiler-builtins/target/arm-eabi-gcc-custom/debug/examples/test_ex-c695736ac3060235.0.o
 .text._ZN4core3mem7size_of17h5cd18489ceec67edE
                0x00000000000001e4       0x12 /media/windows_richardparratt/dev/thirdparty/compiler-builtins/target/arm-eabi-gcc-custom/debug/examples/test_ex-c695736ac3060235.0.o
 .text._ZN4core3mem7size_of17hb359b4f55a91b79cE
                0x00000000000001f6       0x12 /media/windows_richardparratt/dev/thirdparty/compiler-builtins/target/arm-eabi-gcc-custom/debug/examples/test_ex-c695736ac3060235.0.o
 .text._ZN4core3num18ptr_try_from_impls69_$LT$impl$u20$core..convert..TryFrom$LT$usize$GT$$u20$for$u20$u32$GT$8try_from17h02d5486df422d5dbE
                0x0000000000000208       0x20 /media/windows_richardparratt/dev/thirdparty/compiler-builtins/target/arm-eabi-gcc-custom/debug/examples/test_ex-c695736ac3060235.0.o
 .text._ZN4core3num21_$LT$impl$u20$u32$GT$12wrapping_add17h74b9ad3ee75366daE
                0x0000000000000228       0x2a /media/windows_richardparratt/dev/thirdparty/compiler-builtins/target/arm-eabi-gcc-custom/debug/examples/test_ex-c695736ac3060235.0.o
 .text._ZN4core3ptr19swap_nonoverlapping17h2536df30798f164aE
                0x0000000000000252       0x4c /media/windows_richardparratt/dev/thirdparty/compiler-builtins/target/arm-eabi-gcc-custom/debug/examples/test_ex-c695736ac3060235.0.o
 .text._ZN4core3ptr25swap_nonoverlapping_bytes17h2963af37a152de2bE
                0x000000000000029e      0x124 /media/windows_richardparratt/dev/thirdparty/compiler-builtins/target/arm-eabi-gcc-custom/debug/examples/test_ex-c695736ac3060235.0.o
 .text._ZN4core3ptr31_$LT$impl$u20$$BP$mut$u20$T$GT$6offset17h3cca4483d0a15b24E
                0x00000000000003c2       0x2a /media/windows_richardparratt/dev/thirdparty/compiler-builtins/target/arm-eabi-gcc-custom/debug/examples/test_ex-c695736ac3060235.0.o
 .text._ZN4core4iter5range93_$LT$impl$u20$core..iter..iterator..Iterator$u20$for$u20$core..ops..range..Range$LT$A$GT$$GT$4next17hcccd1e27955c9648E
                0x00000000000003ec       0x9e /media/windows_richardparratt/dev/thirdparty/compiler-builtins/target/arm-eabi-gcc-custom/debug/examples/test_ex-c695736ac3060235.0.o
 .text._ZN54_$LT$I$u20$as$u20$core..iter..traits..IntoIterator$GT$9into_iter17h46a5fda682888f64E
                0x000000000000048a       0x2a /media/windows_richardparratt/dev/thirdparty/compiler-builtins/target/arm-eabi-gcc-custom/debug/examples/test_ex-c695736ac3060235.0.o
 .text.__aeabi_unwind_cpp_pr0
                0x00000000000004b4        0x4 /media/windows_richardparratt/dev/thirdparty/compiler-builtins/target/arm-eabi-gcc-custom/debug/examples/test_ex-c695736ac3060235.0.o
                0x00000000000004b4                __aeabi_unwind_cpp_pr0
 .text.__aeabi_unwind_cpp_pr1
                0x00000000000004b8        0x4 /media/windows_richardparratt/dev/thirdparty/compiler-builtins/target/arm-eabi-gcc-custom/debug/examples/test_ex-c695736ac3060235.0.o
                0x00000000000004b8                __aeabi_unwind_cpp_pr1
 .text._ZN7test_ex5start17hb05a5987f460f6e1E
                0x00000000000004bc       0xd4 /media/windows_richardparratt/dev/thirdparty/compiler-builtins/target/arm-eabi-gcc-custom/debug/examples/test_ex-c695736ac3060235.0.o
 .text._ZN4core3ptr31_$LT$impl$u20$$BP$mut$u20$T$GT$6offset17h16759ac6c828baf9E
                0x0000000000000590       0x2a /media/windows_richardparratt/dev/thirdparty/compiler-builtins/target/arm-eabi-gcc-custom/debug/deps/libcompiler_builtins-41d347b55fffa27d.rlib(compiler_builtins-41d347b55fffa27d.0.o)
 .text._ZN4core3ptr33_$LT$impl$u20$$BP$const$u20$T$GT$6offset17h63d8a5499017a34aE
                0x00000000000005ba       0x2a /media/windows_richardparratt/dev/thirdparty/compiler-builtins/target/arm-eabi-gcc-custom/debug/deps/libcompiler_builtins-41d347b55fffa27d.rlib(compiler_builtins-41d347b55fffa27d.0.o)
 .text._ZN17compiler_builtins3mem6memcpy17ha43c2e0072c245dcE
                0x00000000000005e4       0x68 /media/windows_richardparratt/dev/thirdparty/compiler-builtins/target/arm-eabi-gcc-custom/debug/deps/libcompiler_builtins-41d347b55fffa27d.rlib(compiler_builtins-41d347b55fffa27d.0.o)
                0x00000000000005e4                compiler_builtins::mem::memcpy::ha43c2e0072c245dc
 .text.__aeabi_memcpy
                0x000000000000064c       0x36 /media/windows_richardparratt/dev/thirdparty/compiler-builtins/target/arm-eabi-gcc-custom/debug/deps/libcompiler_builtins-41d347b55fffa27d.rlib(compiler_builtins-41d347b55fffa27d.0.o)
                0x000000000000064c                __aeabi_memcpy
 *(.glue_7t)
 .glue_7t       0x0000000000000682        0x0 linker stubs
 *(.glue_7)
 .glue_7        0x0000000000000682        0x0 linker stubs
 *(.rodata .rodata* .gnu.linkonce.r.*)
 *(.ARM.extab* .gnu.linkonce.armextab.*)
 *fill*         0x0000000000000682        0x2 
 .ARM.extab.text._ZN47_$LT$i32$u20$as$u20$core..iter..range..Step$GT$9add_usize17h64e569b6ba274974E
                0x0000000000000684        0xc /media/windows_richardparratt/dev/thirdparty/compiler-builtins/target/arm-eabi-gcc-custom/debug/examples/test_ex-c695736ac3060235.0.o
 .ARM.extab.text._ZN4core3cmp5impls55_$LT$impl$u20$core..cmp..PartialOrd$u20$for$u20$i32$GT$2lt17h11a580b0e0618989E
                0x0000000000000690        0xc /media/windows_richardparratt/dev/thirdparty/compiler-builtins/target/arm-eabi-gcc-custom/debug/examples/test_ex-c695736ac3060235.0.o
 .ARM.extab.text._ZN4core3mem4swap17h4241cebebca2b1a7E
                0x000000000000069c        0xc /media/windows_richardparratt/dev/thirdparty/compiler-builtins/target/arm-eabi-gcc-custom/debug/examples/test_ex-c695736ac3060235.0.o
 .ARM.extab.text._ZN4core3num18ptr_try_from_impls69_$LT$impl$u20$core..convert..TryFrom$LT$usize$GT$$u20$for$u20$u32$GT$8try_from17h02d5486df422d5dbE
                0x00000000000006a8        0xc /media/windows_richardparratt/dev/thirdparty/compiler-builtins/target/arm-eabi-gcc-custom/debug/examples/test_ex-c695736ac3060235.0.o
 .ARM.extab.text._ZN4core3ptr19swap_nonoverlapping17h2536df30798f164aE
                0x00000000000006b4        0xc /media/windows_richardparratt/dev/thirdparty/compiler-builtins/target/arm-eabi-gcc-custom/debug/examples/test_ex-c695736ac3060235.0.o
 .ARM.extab.text._ZN54_$LT$I$u20$as$u20$core..iter..traits..IntoIterator$GT$9into_iter17h46a5fda682888f64E
                0x00000000000006c0        0xc /media/windows_richardparratt/dev/thirdparty/compiler-builtins/target/arm-eabi-gcc-custom/debug/examples/test_ex-c695736ac3060235.0.o
                0x00000000000006cc                . = ALIGN (0x4)
 *(.init)
                0x00000000000006cc                . = ALIGN (0x4)
                0x00000000000006cc                __preinit_array_start = .
 *(.preinit_array)
                0x00000000000006cc                __preinit_array_end = .
                0x00000000000006cc                . = ALIGN (0x4)
                0x00000000000006cc                __init_array_start = .
 *(SORT(.init_array.*))
 *(.init_array)
                0x00000000000006cc                __init_array_end = .
                0x00000000000006cc                . = ALIGN (0x4)
 *crtbegin.o(.ctors)
 *(EXCLUDE_FILE(*crtend.o) .ctors)
 *(SORT(.ctors.*))
 *crtend.o(.ctors)
                0x00000000000006cc                . = ALIGN (0x4)
 *(.fini)
                0x00000000000006cc                . = ALIGN (0x4)
                0x00000000000006cc                __fini_array_start = .
 *(.fini_array)
 *(SORT(.fini_array.*))
                0x00000000000006cc                __fini_array_end = .
 *crtbegin.o(.dtors)
 *(EXCLUDE_FILE(*crtend.o) .dtors)
 *(SORT(.dtors.*))
 *crtend.o(.dtors)
                0x00000000000006cc                . = ALIGN (0x4)
                0x00000000000006cc                _efixed = .
                [!provide]                        PROVIDE (__exidx_start, .)

.vfp11_veneer   0x00000000000006cc        0x0
 .vfp11_veneer  0x00000000000006cc        0x0 linker stubs

.v4_bx          0x00000000000006cc        0x0
 .v4_bx         0x00000000000006cc        0x0 linker stubs

.iplt           0x00000000000006cc        0x0
 .iplt          0x00000000000006cc        0x0 /media/windows_richardparratt/dev/thirdparty/compiler-builtins/target/arm-eabi-gcc-custom/debug/examples/test_ex-c695736ac3060235.0.o

.igot.plt       0x00000000000006cc        0x0
 .igot.plt      0x00000000000006cc        0x0 /media/windows_richardparratt/dev/thirdparty/compiler-builtins/target/arm-eabi-gcc-custom/debug/examples/test_ex-c695736ac3060235.0.o

.ARM.exidx      0x00000000000006cc       0x88
 *(.ARM.exidx* .gnu.linkonce.armexidx.*)
 .ARM.exidx.text._ZN47_$LT$i32$u20$as$u20$core..iter..range..Step$GT$9add_usize17h64e569b6ba274974E
                0x00000000000006cc        0x8 /media/windows_richardparratt/dev/thirdparty/compiler-builtins/target/arm-eabi-gcc-custom/debug/examples/test_ex-c695736ac3060235.0.o
 .ARM.exidx.text._ZN4core3cmp5impls55_$LT$impl$u20$core..cmp..PartialOrd$u20$for$u20$i32$GT$2lt17h11a580b0e0618989E
                0x00000000000006d4        0x8 /media/windows_richardparratt/dev/thirdparty/compiler-builtins/target/arm-eabi-gcc-custom/debug/examples/test_ex-c695736ac3060235.0.o
 .ARM.exidx.text._ZN4core3mem13uninitialized17h140b8aa110263583E
                0x00000000000006dc        0x8 /media/windows_richardparratt/dev/thirdparty/compiler-builtins/target/arm-eabi-gcc-custom/debug/examples/test_ex-c695736ac3060235.0.o
 .ARM.exidx.text._ZN4core3mem13uninitialized17h8dc1a8e6173ab8a7E
                0x00000000000006e4        0x8 /media/windows_richardparratt/dev/thirdparty/compiler-builtins/target/arm-eabi-gcc-custom/debug/examples/test_ex-c695736ac3060235.0.o
 .ARM.exidx.text._ZN4core3mem4swap17h4241cebebca2b1a7E
                0x00000000000006ec        0x8 /media/windows_richardparratt/dev/thirdparty/compiler-builtins/target/arm-eabi-gcc-custom/debug/examples/test_ex-c695736ac3060235.0.o
 .ARM.exidx.text._ZN4core3mem7size_of17h5cd18489ceec67edE
                0x00000000000006f4        0x8 /media/windows_richardparratt/dev/thirdparty/compiler-builtins/target/arm-eabi-gcc-custom/debug/examples/test_ex-c695736ac3060235.0.o
 .ARM.exidx.text._ZN4core3mem7size_of17hb359b4f55a91b79cE
                0x00000000000006fc        0x0 /media/windows_richardparratt/dev/thirdparty/compiler-builtins/target/arm-eabi-gcc-custom/debug/examples/test_ex-c695736ac3060235.0.o
                                          0x8 (size before relaxing)
 .ARM.exidx.text._ZN4core3num18ptr_try_from_impls69_$LT$impl$u20$core..convert..TryFrom$LT$usize$GT$$u20$for$u20$u32$GT$8try_from17h02d5486df422d5dbE
                0x00000000000006fc        0x8 /media/windows_richardparratt/dev/thirdparty/compiler-builtins/target/arm-eabi-gcc-custom/debug/examples/test_ex-c695736ac3060235.0.o
 .ARM.exidx.text._ZN4core3num21_$LT$impl$u20$u32$GT$12wrapping_add17h74b9ad3ee75366daE
                0x0000000000000704        0x8 /media/windows_richardparratt/dev/thirdparty/compiler-builtins/target/arm-eabi-gcc-custom/debug/examples/test_ex-c695736ac3060235.0.o
 .ARM.exidx.text._ZN4core3ptr19swap_nonoverlapping17h2536df30798f164aE
                0x000000000000070c        0x8 /media/windows_richardparratt/dev/thirdparty/compiler-builtins/target/arm-eabi-gcc-custom/debug/examples/test_ex-c695736ac3060235.0.o
 .ARM.exidx.text._ZN4core3ptr25swap_nonoverlapping_bytes17h2963af37a152de2bE
                0x0000000000000714        0x8 /media/windows_richardparratt/dev/thirdparty/compiler-builtins/target/arm-eabi-gcc-custom/debug/examples/test_ex-c695736ac3060235.0.o
 .ARM.exidx.text._ZN4core3ptr31_$LT$impl$u20$$BP$mut$u20$T$GT$6offset17h3cca4483d0a15b24E
                0x000000000000071c        0x8 /media/windows_richardparratt/dev/thirdparty/compiler-builtins/target/arm-eabi-gcc-custom/debug/examples/test_ex-c695736ac3060235.0.o
 .ARM.exidx.text._ZN4core4iter5range93_$LT$impl$u20$core..iter..iterator..Iterator$u20$for$u20$core..ops..range..Range$LT$A$GT$$GT$4next17hcccd1e27955c9648E
                0x0000000000000724        0x8 /media/windows_richardparratt/dev/thirdparty/compiler-builtins/target/arm-eabi-gcc-custom/debug/examples/test_ex-c695736ac3060235.0.o
 .ARM.exidx.text._ZN54_$LT$I$u20$as$u20$core..iter..traits..IntoIterator$GT$9into_iter17h46a5fda682888f64E
                0x000000000000072c        0x8 /media/windows_richardparratt/dev/thirdparty/compiler-builtins/target/arm-eabi-gcc-custom/debug/examples/test_ex-c695736ac3060235.0.o
 .ARM.exidx.text.__aeabi_unwind_cpp_pr0
                0x0000000000000734        0x8 /media/windows_richardparratt/dev/thirdparty/compiler-builtins/target/arm-eabi-gcc-custom/debug/examples/test_ex-c695736ac3060235.0.o
 .ARM.exidx.text.__aeabi_unwind_cpp_pr1
                0x000000000000073c        0x0 /media/windows_richardparratt/dev/thirdparty/compiler-builtins/target/arm-eabi-gcc-custom/debug/examples/test_ex-c695736ac3060235.0.o
                                          0x8 (size before relaxing)
 .ARM.exidx.text._ZN7test_ex5start17hb05a5987f460f6e1E
                0x000000000000073c        0x8 /media/windows_richardparratt/dev/thirdparty/compiler-builtins/target/arm-eabi-gcc-custom/debug/examples/test_ex-c695736ac3060235.0.o
 .ARM.exidx.text._ZN4core3ptr31_$LT$impl$u20$$BP$mut$u20$T$GT$6offset17h16759ac6c828baf9E
                0x0000000000000744        0x8 /media/windows_richardparratt/dev/thirdparty/compiler-builtins/target/arm-eabi-gcc-custom/debug/deps/libcompiler_builtins-41d347b55fffa27d.rlib(compiler_builtins-41d347b55fffa27d.0.o)
 .ARM.exidx.text._ZN4core3ptr33_$LT$impl$u20$$BP$const$u20$T$GT$6offset17h63d8a5499017a34aE
                0x000000000000074c        0x0 /media/windows_richardparratt/dev/thirdparty/compiler-builtins/target/arm-eabi-gcc-custom/debug/deps/libcompiler_builtins-41d347b55fffa27d.rlib(compiler_builtins-41d347b55fffa27d.0.o)
                                          0x8 (size before relaxing)
 .ARM.exidx.text._ZN17compiler_builtins3mem6memcpy17ha43c2e0072c245dcE
                0x000000000000074c        0x8 /media/windows_richardparratt/dev/thirdparty/compiler-builtins/target/arm-eabi-gcc-custom/debug/deps/libcompiler_builtins-41d347b55fffa27d.rlib(compiler_builtins-41d347b55fffa27d.0.o)
 .ARM.exidx.text.__aeabi_memcpy
                0x0000000000000754        0x0 /media/windows_richardparratt/dev/thirdparty/compiler-builtins/target/arm-eabi-gcc-custom/debug/deps/libcompiler_builtins-41d347b55fffa27d.rlib(compiler_builtins-41d347b55fffa27d.0.o)
                                          0x8 (size before relaxing)
                [!provide]                        PROVIDE (__exidx_end, .)

.rel.dyn        0x0000000000000754        0x0
 .rel.iplt      0x0000000000000754        0x0 /media/windows_richardparratt/dev/thirdparty/compiler-builtins/target/arm-eabi-gcc-custom/debug/examples/test_ex-c695736ac3060235.0.o
                0x0000000000000754                . = ALIGN (0x4)
                0x0000000000000754                _etext = .

.relocate       0x0000000020000000        0x0 load address 0x0000000000000754
                0x0000000020000000                . = ALIGN (0x4)
                0x0000000020000000                _srelocate = .
 *(.ramfunc .ramfunc.*)
 *(.data .data.*)
                0x0000000020000000                . = ALIGN (0x4)
                0x0000000020000000                _erelocate = .

.bss            0x0000000020000000        0x0
                0x0000000020000000                . = ALIGN (0x4)
                0x0000000020000000                _sbss = .
                0x0000000020000000                _szero = .
 *(.bss .bss.*)
 *(COMMON)
                0x0000000020000000                . = ALIGN (0x4)
                0x0000000020000000                _ebss = .
                0x0000000020000000                _ezero = .

.stack          0x0000000020000000     0x2000
                0x0000000020000000                . = ALIGN (0x8)
                0x0000000020000000                _sstack = .
                0x0000000020002000                . = (. + STACK_SIZE)
 *fill*         0x0000000020000000     0x2000 
                0x0000000020002000                . = ALIGN (0x8)
                0x0000000020002000                _estack = .
                0x0000000020002000                . = ALIGN (0x4)
                0x0000000020002000                _end = .
OUTPUT(/media/windows_richardparratt/dev/thirdparty/compiler-builtins/target/arm-eabi-gcc-custom/debug/examples/test_ex-c695736ac3060235 elf32-littlearm)

.debug_str      0x0000000000000000     0x3bfe
 .debug_str     0x0000000000000000      0xa0d /media/windows_richardparratt/dev/thirdparty/compiler-builtins/target/arm-eabi-gcc-custom/debug/examples/test_ex-c695736ac3060235.0.o
                                        0xabf (size before relaxing)
 .debug_str     0x0000000000000a0d     0x31f1 /media/windows_richardparratt/dev/thirdparty/compiler-builtins/target/arm-eabi-gcc-custom/debug/deps/libcompiler_builtins-41d347b55fffa27d.rlib(compiler_builtins-41d347b55fffa27d.0.o)
                                       0x34ba (size before relaxing)

.debug_loc      0x0000000000000000        0x0
 .debug_loc     0x0000000000000000        0x0 /media/windows_richardparratt/dev/thirdparty/compiler-builtins/target/arm-eabi-gcc-custom/debug/examples/test_ex-c695736ac3060235.0.o
 .debug_loc     0x0000000000000000        0x0 /media/windows_richardparratt/dev/thirdparty/compiler-builtins/target/arm-eabi-gcc-custom/debug/deps/libcompiler_builtins-41d347b55fffa27d.rlib(compiler_builtins-41d347b55fffa27d.0.o)

.debug_abbrev   0x0000000000000000      0x396
 .debug_abbrev  0x0000000000000000      0x1d4 /media/windows_richardparratt/dev/thirdparty/compiler-builtins/target/arm-eabi-gcc-custom/debug/examples/test_ex-c695736ac3060235.0.o
 .debug_abbrev  0x00000000000001d4      0x1c2 /media/windows_richardparratt/dev/thirdparty/compiler-builtins/target/arm-eabi-gcc-custom/debug/deps/libcompiler_builtins-41d347b55fffa27d.rlib(compiler_builtins-41d347b55fffa27d.0.o)

.debug_info     0x0000000000000000     0xba2f
 .debug_info    0x0000000000000000      0xe0b /media/windows_richardparratt/dev/thirdparty/compiler-builtins/target/arm-eabi-gcc-custom/debug/examples/test_ex-c695736ac3060235.0.o
 .debug_info    0x0000000000000e0b     0xac24 /media/windows_richardparratt/dev/thirdparty/compiler-builtins/target/arm-eabi-gcc-custom/debug/deps/libcompiler_builtins-41d347b55fffa27d.rlib(compiler_builtins-41d347b55fffa27d.0.o)

.debug_ranges   0x0000000000000000     0x3848
 .debug_ranges  0x0000000000000000      0x118 /media/windows_richardparratt/dev/thirdparty/compiler-builtins/target/arm-eabi-gcc-custom/debug/examples/test_ex-c695736ac3060235.0.o
 .debug_ranges  0x0000000000000118     0x3730 /media/windows_richardparratt/dev/thirdparty/compiler-builtins/target/arm-eabi-gcc-custom/debug/deps/libcompiler_builtins-41d347b55fffa27d.rlib(compiler_builtins-41d347b55fffa27d.0.o)

.debug_macinfo  0x0000000000000000        0x2
 .debug_macinfo
                0x0000000000000000        0x1 /media/windows_richardparratt/dev/thirdparty/compiler-builtins/target/arm-eabi-gcc-custom/debug/examples/test_ex-c695736ac3060235.0.o
 .debug_macinfo
                0x0000000000000001        0x1 /media/windows_richardparratt/dev/thirdparty/compiler-builtins/target/arm-eabi-gcc-custom/debug/deps/libcompiler_builtins-41d347b55fffa27d.rlib(compiler_builtins-41d347b55fffa27d.0.o)

.debug_pubnames
                0x0000000000000000      0xff7
 .debug_pubnames
                0x0000000000000000      0x2e4 /media/windows_richardparratt/dev/thirdparty/compiler-builtins/target/arm-eabi-gcc-custom/debug/examples/test_ex-c695736ac3060235.0.o
 .debug_pubnames
                0x00000000000002e4      0xd13 /media/windows_richardparratt/dev/thirdparty/compiler-builtins/target/arm-eabi-gcc-custom/debug/deps/libcompiler_builtins-41d347b55fffa27d.rlib(compiler_builtins-41d347b55fffa27d.0.o)

.debug_pubtypes
                0x0000000000000000      0x7c1
 .debug_pubtypes
                0x0000000000000000      0x44d /media/windows_richardparratt/dev/thirdparty/compiler-builtins/target/arm-eabi-gcc-custom/debug/examples/test_ex-c695736ac3060235.0.o
 .debug_pubtypes
                0x000000000000044d      0x374 /media/windows_richardparratt/dev/thirdparty/compiler-builtins/target/arm-eabi-gcc-custom/debug/deps/libcompiler_builtins-41d347b55fffa27d.rlib(compiler_builtins-41d347b55fffa27d.0.o)

.note.GNU-stack
                0x0000000000000000        0x0
 .note.GNU-stack
                0x0000000000000000        0x0 /media/windows_richardparratt/dev/thirdparty/compiler-builtins/target/arm-eabi-gcc-custom/debug/examples/test_ex-c695736ac3060235.0.o
 .note.GNU-stack
                0x0000000000000000        0x0 /media/windows_richardparratt/dev/thirdparty/compiler-builtins/target/arm-eabi-gcc-custom/debug/deps/libcompiler_builtins-41d347b55fffa27d.rlib(compiler_builtins-41d347b55fffa27d.0.o)

.ARM.attributes
                0x0000000000000000       0x33
 .ARM.attributes
                0x0000000000000000       0x43 /media/windows_richardparratt/dev/thirdparty/compiler-builtins/target/arm-eabi-gcc-custom/debug/examples/test_ex-c695736ac3060235.0.o
 .ARM.attributes
                0x0000000000000043       0x43 /media/windows_richardparratt/dev/thirdparty/compiler-builtins/target/arm-eabi-gcc-custom/debug/deps/libcompiler_builtins-41d347b55fffa27d.rlib(compiler_builtins-41d347b55fffa27d.0.o)

.debug_frame    0x0000000000000000     0x3038
 .debug_frame   0x0000000000000000      0x208 /media/windows_richardparratt/dev/thirdparty/compiler-builtins/target/arm-eabi-gcc-custom/debug/examples/test_ex-c695736ac3060235.0.o
 .debug_frame   0x0000000000000208     0x2e30 /media/windows_richardparratt/dev/thirdparty/compiler-builtins/target/arm-eabi-gcc-custom/debug/deps/libcompiler_builtins-41d347b55fffa27d.rlib(compiler_builtins-41d347b55fffa27d.0.o)

.debug_line     0x0000000000000000     0x434b
 .debug_line    0x0000000000000000      0x3ec /media/windows_richardparratt/dev/thirdparty/compiler-builtins/target/arm-eabi-gcc-custom/debug/examples/test_ex-c695736ac3060235.0.o
 .debug_line    0x00000000000003ec     0x3f5f /media/windows_richardparratt/dev/thirdparty/compiler-builtins/target/arm-eabi-gcc-custom/debug/deps/libcompiler_builtins-41d347b55fffa27d.rlib(compiler_builtins-41d347b55fffa27d.0.o)
